2026-08-04 22:03:52,595 - INFO - Starting data engineering pipeline
2026-08-04 22:03:52,596 - INFO - Mode: NORMAL (skipping existing files)
2026-08-04 22:03:52,596 - INFO - Data folder: /mnt/external/NYC_TLC/data
2026-08-04 22:03:52,596 - INFO - Output folder: /mnt/external/NYC_TLC/data/engineered
2026-08-04 22:03:52,603 - INFO - Found 389 files in /mnt/external/NYC_TLC/data
2026-08-04 22:03:52,604 - INFO - Processing 389 files. Output: /mnt/external/NYC_TLC/data/engineered
2026-08-04 22:03:52,605 - INFO - Output format: PARQUET
2026-08-04 22:03:59,063 - INFO - Loaded fhv_tripdata_2019-01.parquet (23159064 rows)
2026-08-04 22:04:10,116 - INFO - Engineered features for fhv_tripdata_2019-01.parquet (17 columns)
2026-08-04 22:04:10,173 - INFO - Engineered file already exists (skipping): fhv_tripdata_2019-01.parquet
2026-08-04 22:04:10,647 - INFO - Loaded fhv_tripdata_2019-02.parquet (1707650 rows)
2026-08-04 22:04:11,355 - INFO - Engineered features for fhv_tripdata_2019-02.parquet (17 columns)
2026-08-04 22:04:12,949 - INFO - Saved engineered data to /mnt/external/NYC_TLC/data/engineered/fhv_tripdata_2019-02.parquet (20.21 MB)
2026-08-04 22:04:13,387 - INFO - Loaded fhv_tripdata_2019-03.parquet (1475569 rows)
2026-08-04 22:04:13,962 - INFO - Engineered features for fhv_tripdata_2019-03.parquet (17 columns)
2026-08-04 22:04:14,795 - INFO - Saved engineered data to /mnt/external/NYC_TLC/data/engineered/fhv_tripdata_2019-03.parquet (18.03 MB)
2026-08-04 22:04:16,063 - INFO - Loaded fhv_tripdata_2019-04.parquet (1937850 rows)
2026-08-04 22:04:16,797 - INFO - Engineered features for fhv_tripdata_2019-04.parquet (17 columns)
2026-08-04 22:04:17,927 - INFO - Saved engineered data to /mnt/external/NYC_TLC/data/engineered/fhv_tripdata_2019-04.parquet (22.56 MB)
2026-08-04 22:04:18,409 - INFO - Loaded fhv_tripdata_2019-05.parquet (2073045 rows)
2026-08-04 22:04:19,198 - INFO - Engineered features for fhv_tripdata_2019-05.parquet (17 columns)
2026-08-04 22:04:20,279 - INFO - Saved engineered data to /mnt/external/NYC_TLC/data/engineered/fhv_tripdata_2019-05.parquet (24.12 MB)
2026-08-04 22:04:20,753 - INFO - Loaded fhv_tripdata_2019-06.parquet (2009888 rows)
2026-08-04 22:04:21,514 - INFO - Engineered features for fhv_tripdata_2019-06.parquet (17 columns)
2026-08-04 22:04:22,570 - INFO - Saved engineered data to /mnt/external/NYC_TLC/data/engineered/fhv_tripdata_2019-06.parquet (23.54 MB)
2026-08-04 22:04:23,031 - INFO - Loaded fhv_tripdata_2019-07.parquet (1947743 rows)
2026-08-04 22:04:23,776 - INFO - Engineered features for fhv_tripdata_2019-07.parquet (17 columns)
2026-08-04 22:04:24,826 - INFO - Saved engineered data to /mnt/external/NYC_TLC/data/engineered/fhv_tripdata_2019-07.parquet (22.92 MB)
2026-08-04 22:04:25,303 - INFO - Loaded fhv_tripdata_2019-08.parquet (1880408 rows)
2026-08-04 22:04:26,027 - INFO - Engineered features for fhv_tripdata_2019-08.parquet (17 columns)
2026-08-04 22:04:27,151 - INFO - Saved engineered data to /mnt/external/NYC_TLC/data/engineered/fhv_tripdata_2019-08.parquet (22.80 MB)
2026-08-04 22:04:27,505 - INFO - Loaded fhv_tripdata_2019-09.parquet (1248520 rows)
2026-08-04 22:04:27,994 - INFO - Engineered features for fhv_tripdata_2019-09.parquet (17 columns)
2026-08-04 22:04:28,723 - INFO - Saved engineered data to /mnt/external/NYC_TLC/data/engineered/fhv_tripdata_2019-09.parquet (15.94 MB)
2026-08-04 22:04:29,225 - INFO - Loaded fhv_tripdata_2019-10.parquet (1897856 rows)
2026-08-04 22:04:29,983 - INFO - Engineered features for fhv_tripdata_2019-10.parquet (17 columns)
2026-08-04 22:04:31,021 - INFO - Saved engineered data to /mnt/external/NYC_TLC/data/engineered/fhv_tripdata_2019-10.parquet (23.83 MB)
2026-08-04 22:04:31,504 - INFO - Loaded fhv_tripdata_2019-11.parquet (1879487 rows)
2026-08-04 22:04:32,253 - INFO - Engineered features for fhv_tripdata_2019-11.parquet (17 columns)
2026-08-04 22:04:33,309 - INFO - Saved engineered data to /mnt/external/NYC_TLC/data/engineered/fhv_tripdata_2019-11.parquet (23.56 MB)
2026-08-04 22:04:33,838 - INFO - Loaded fhv_tripdata_2019-12.parquet (2044196 rows)
2026-08-04 22:04:34,655 - INFO - Engineered features for fhv_tripdata_2019-12.parquet (17 columns)
2026-08-04 22:04:35,783 - INFO - Saved engineered data to /mnt/external/NYC_TLC/data/engineered/fhv_tripdata_2019-12.parquet (25.48 MB)
2026-08-04 22:04:36,300 - INFO - Loaded fhv_tripdata_2020-01.parquet (2028587 rows)
2026-08-04 22:04:37,033 - INFO - Engineered features for fhv_tripdata_2020-01.parquet (17 columns)
2026-08-04 22:04:38,142 - INFO - Saved engineered data to /mnt/external/NYC_TLC/data/engineered/fhv_tripdata_2020-01.parquet (25.42 MB)
2026-08-04 22:04:39,173 - INFO - Loaded yellow_tripdata_2020-03.parquet (3007687 rows)
2026-08-04 22:04:40,685 - INFO - Engineered features for yellow_tripdata_2020-03.parquet (45 columns)
2026-08-04 22:04:45,695 - INFO - Saved engineered data to /mnt/external/NYC_TLC/data/engineered/yellow_tripdata_2020-03.parquet (167.46 MB)
2026-08-04 22:04:45,857 - INFO - Loaded yellow_tripdata_2020-04.parquet (238073 rows)
2026-08-04 22:04:45,999 - INFO - Engineered features for yellow_tripdata_2020-04.parquet (45 columns)
2026-08-04 22:04:46,518 - INFO - Saved engineered data to /mnt/external/NYC_TLC/data/engineered/yellow_tripdata_2020-04.parquet (14.69 MB)
2026-08-04 22:04:46,718 - INFO - Loaded yellow_tripdata_2020-05.parquet (348415 rows)
2026-08-04 22:04:46,888 - INFO - Engineered features for yellow_tripdata_2020-05.parquet (45 columns)
2026-08-04 22:04:47,588 - INFO - Saved engineered data to /mnt/external/NYC_TLC/data/engineered/yellow_tripdata_2020-05.parquet (20.97 MB)
2026-08-04 22:04:51,143 - INFO - Loaded yellow_tripdata_2020-06.parquet (549797 rows)
2026-08-04 22:04:51,434 - INFO - Engineered features for yellow_tripdata_2020-06.parquet (45 columns)
2026-08-04 22:04:52,484 - INFO - Saved engineered data to /mnt/external/NYC_TLC/data/engineered/yellow_tripdata_2020-06.parquet (32.57 MB)
2026-08-04 22:04:59,183 - INFO - Loaded yellow_tripdata_2020-07.parquet (800412 rows)
2026-08-04 22:04:59,900 - INFO - Engineered features for yellow_tripdata_2020-07.parquet (45 columns)
2026-08-04 22:05:01,699 - INFO - Saved engineered data to /mnt/external/NYC_TLC/data/engineered/yellow_tripdata_2020-07.parquet (47.17 MB)
2026-08-04 22:05:02,136 - INFO - Loaded yellow_tripdata_2020-08.parquet (1007286 rows)
2026-08-04 22:05:02,582 - INFO - Engineered features for yellow_tripdata_2020-08.parquet (45 columns)
2026-08-04 22:05:04,312 - INFO - Saved engineered data to /mnt/external/NYC_TLC/data/engineered/yellow_tripdata_2020-08.parquet (59.29 MB)
2026-08-04 22:05:04,843 - INFO - Loaded yellow_tripdata_2020-09.parquet (1341017 rows)
2026-08-04 22:05:05,428 - INFO - Engineered features for yellow_tripdata_2020-09.parquet (45 columns)
2026-08-04 22:05:07,735 - INFO - Saved engineered data to /mnt/external/NYC_TLC/data/engineered/yellow_tripdata_2020-09.parquet (78.15 MB)
2026-08-04 22:05:08,349 - INFO - Loaded yellow_tripdata_2020-10.parquet (1681132 rows)
2026-08-04 22:05:09,074 - INFO - Engineered features for yellow_tripdata_2020-10.parquet (45 columns)
2026-08-04 22:05:11,926 - INFO - Saved engineered data to /mnt/external/NYC_TLC/data/engineered/yellow_tripdata_2020-10.parquet (96.10 MB)
2026-08-04 22:05:12,482 - INFO - Loaded yellow_tripdata_2020-11.parquet (1509000 rows)
2026-08-04 22:05:13,120 - INFO - Engineered features for yellow_tripdata_2020-11.parquet (45 columns)
2026-08-04 22:05:16,589 - INFO - Saved engineered data to /mnt/external/NYC_TLC/data/engineered/yellow_tripdata_2020-11.parquet (86.44 MB)
2026-08-04 22:05:17,138 - INFO - Loaded yellow_tripdata_2020-12.parquet (1461898 rows)
2026-08-04 22:05:17,734 - INFO - Engineered features for yellow_tripdata_2020-12.parquet (45 columns)
2026-08-04 22:05:20,399 - INFO - Saved engineered data to /mnt/external/NYC_TLC/data/engineered/yellow_tripdata_2020-12.parquet (83.83 MB)
2026-08-04 22:05:20,934 - INFO - Loaded yellow_tripdata_2021-01.parquet (1369769 rows)
2026-08-04 22:05:21,518 - INFO - Engineered features for yellow_tripdata_2021-01.parquet (45 columns)
2026-08-04 22:05:23,890 - INFO - Saved engineered data to /mnt/external/NYC_TLC/data/engineered/yellow_tripdata_2021-01.parquet (79.19 MB)
2026-08-04 22:05:24,430 - INFO - Loaded yellow_tripdata_2021-02.parquet (1371709 rows)
2026-08-04 22:05:24,992 - INFO - Engineered features for yellow_tripdata_2021-02.parquet (45 columns)
2026-08-04 22:05:27,363 - INFO - Saved engineered data to /mnt/external/NYC_TLC/data/engineered/yellow_tripdata_2021-02.parquet (79.32 MB)
2026-08-04 22:05:28,275 - INFO - Loaded yellow_tripdata_2021-03.parquet (1925152 rows)
2026-08-04 22:05:29,095 - INFO - Engineered features for yellow_tripdata_2021-03.parquet (45 columns)
2026-08-04 22:05:32,340 - INFO - Saved engineered data to /mnt/external/NYC_TLC/data/engineered/yellow_tripdata_2021-03.parquet (109.39 MB)
2026-08-04 22:05:46,347 - INFO - Loaded yellow_tripdata_2021-05.parquet (2507109 rows)
2026-08-04 22:05:47,516 - INFO - Engineered features for yellow_tripdata_2021-05.parquet (45 columns)
2026-08-04 22:05:51,904 - INFO - Saved engineered data to /mnt/external/NYC_TLC/data/engineered/yellow_tripdata_2021-05.parquet (145.44 MB)
2026-08-04 22:05:52,975 - INFO - Loaded yellow_tripdata_2021-06.parquet (2834264 rows)
2026-08-04 22:05:54,511 - INFO - Engineered features for yellow_tripdata_2021-06.parquet (45 columns)
2026-08-04 22:05:59,443 - INFO - Saved engineered data to /mnt/external/NYC_TLC/data/engineered/yellow_tripdata_2021-06.parquet (165.52 MB)
2026-08-04 22:06:00,446 - INFO - Loaded yellow_tripdata_2021-07.parquet (2821746 rows)
2026-08-04 22:06:01,774 - INFO - Engineered features for yellow_tripdata_2021-07.parquet (45 columns)
2026-08-04 22:06:06,843 - INFO - Saved engineered data to /mnt/external/NYC_TLC/data/engineered/yellow_tripdata_2021-07.parquet (165.69 MB)
2026-08-04 22:06:07,884 - INFO - Loaded yellow_tripdata_2021-08.parquet (2788757 rows)
2026-08-04 22:06:09,112 - INFO - Engineered features for yellow_tripdata_2021-08.parquet (45 columns)
2026-08-04 22:06:14,591 - INFO - Saved engineered data to /mnt/external/NYC_TLC/data/engineered/yellow_tripdata_2021-08.parquet (164.15 MB)
2026-08-04 22:06:15,773 - INFO - Loaded yellow_tripdata_2021-09.parquet (2963793 rows)
2026-08-04 22:06:17,155 - INFO - Engineered features for yellow_tripdata_2021-09.parquet (45 columns)
2026-08-04 22:06:22,357 - INFO - Saved engineered data to /mnt/external/NYC_TLC/data/engineered/yellow_tripdata_2021-09.parquet (175.35 MB)
2026-08-04 22:06:33,248 - INFO - Loaded yellow_tripdata_2021-10.parquet (3463504 rows)
2026-08-04 22:06:34,901 - INFO - Engineered features for yellow_tripdata_2021-10.parquet (45 columns)
2026-08-04 22:06:41,016 - INFO - Saved engineered data to /mnt/external/NYC_TLC/data/engineered/yellow_tripdata_2021-10.parquet (204.12 MB)
2026-08-04 22:06:42,817 - INFO - Loaded yellow_tripdata_2021-11.parquet (3472949 rows)
2026-08-04 22:06:44,747 - INFO - Engineered features for yellow_tripdata_2021-11.parquet (45 columns)
2026-08-04 22:06:51,081 - INFO - Saved engineered data to /mnt/external/NYC_TLC/data/engineered/yellow_tripdata_2021-11.parquet (204.73 MB)
2026-08-04 22:06:52,624 - INFO - Loaded yellow_tripdata_2021-12.parquet (3214369 rows)
2026-08-04 22:06:54,298 - INFO - Engineered features for yellow_tripdata_2021-12.parquet (45 columns)
2026-08-04 22:07:00,547 - INFO - Saved engineered data to /mnt/external/NYC_TLC/data/engineered/yellow_tripdata_2021-12.parquet (191.77 MB)
2026-08-04 22:07:01,427 - INFO - Loaded yellow_tripdata_2022-01.parquet (2463931 rows)
2026-08-04 22:07:02,462 - INFO - Engineered features for yellow_tripdata_2022-01.parquet (45 columns)
2026-08-04 22:07:06,771 - INFO - Saved engineered data to /mnt/external/NYC_TLC/data/engineered/yellow_tripdata_2022-01.parquet (144.75 MB)
2026-08-04 22:07:08,091 - INFO - Loaded yellow_tripdata_2022-02.parquet (2979431 rows)
2026-08-04 22:07:09,348 - INFO - Engineered features for yellow_tripdata_2022-02.parquet (45 columns)
2026-08-04 22:07:14,446 - INFO - Saved engineered data to /mnt/external/NYC_TLC/data/engineered/yellow_tripdata_2022-02.parquet (173.92 MB)
2026-08-04 22:07:18,768 - INFO - Loaded yellow_tripdata_2022-03.parquet (3627882 rows)
2026-08-04 22:07:20,886 - INFO - Engineered features for yellow_tripdata_2022-03.parquet (45 columns)
2026-08-04 22:07:27,234 - INFO - Saved engineered data to /mnt/external/NYC_TLC/data/engineered/yellow_tripdata_2022-03.parquet (213.56 MB)
2026-08-04 22:07:28,562 - INFO - Loaded yellow_tripdata_2022-04.parquet (3599920 rows)
2026-08-04 22:07:30,108 - INFO - Engineered features for yellow_tripdata_2022-04.parquet (45 columns)
2026-08-04 22:07:37,218 - INFO - Saved engineered data to /mnt/external/NYC_TLC/data/engineered/yellow_tripdata_2022-04.parquet (213.49 MB)
2026-08-04 22:07:38,626 - INFO - Loaded yellow_tripdata_2022-05.parquet (3588295 rows)
2026-08-04 22:07:40,441 - INFO - Engineered features for yellow_tripdata_2022-05.parquet (45 columns)
2026-08-04 22:07:47,505 - INFO - Saved engineered data to /mnt/external/NYC_TLC/data/engineered/yellow_tripdata_2022-05.parquet (215.80 MB)
2026-08-04 22:07:48,640 - INFO - Loaded yellow_tripdata_2022-07.parquet (3174394 rows)
2026-08-04 22:07:49,961 - INFO - Engineered features for yellow_tripdata_2022-07.parquet (45 columns)
2026-08-04 22:07:56,032 - INFO - Saved engineered data to /mnt/external/NYC_TLC/data/engineered/yellow_tripdata_2022-07.parquet (191.08 MB)
2026-08-04 22:07:57,162 - INFO - Loaded yellow_tripdata_2022-08.parquet (3152677 rows)
2026-08-04 22:07:58,621 - INFO - Engineered features for yellow_tripdata_2022-08.parquet (45 columns)
2026-08-04 22:08:04,180 - INFO - Saved engineered data to /mnt/external/NYC_TLC/data/engineered/yellow_tripdata_2022-08.parquet (189.85 MB)
2026-08-04 22:08:05,357 - INFO - Loaded yellow_tripdata_2022-09.parquet (3183767 rows)
2026-08-04 22:08:06,659 - INFO - Engineered features for yellow_tripdata_2022-09.parquet (45 columns)
2026-08-04 22:08:14,294 - INFO - Saved engineered data to /mnt/external/NYC_TLC/data/engineered/yellow_tripdata_2022-09.parquet (194.21 MB)
2026-08-04 22:08:15,692 - INFO - Loaded yellow_tripdata_2022-10.parquet (3675411 rows)
2026-08-04 22:08:17,627 - INFO - Engineered features for yellow_tripdata_2022-10.parquet (45 columns)
2026-08-04 22:08:24,225 - INFO - Saved engineered data to /mnt/external/NYC_TLC/data/engineered/yellow_tripdata_2022-10.parquet (220.98 MB)
2026-08-04 22:08:26,848 - INFO - Loaded yellow_tripdata_2022-11.parquet (3252717 rows)
2026-08-04 22:08:28,207 - INFO - Engineered features for yellow_tripdata_2022-11.parquet (45 columns)
2026-08-04 22:08:33,957 - INFO - Saved engineered data to /mnt/external/NYC_TLC/data/engineered/yellow_tripdata_2022-11.parquet (197.52 MB)
2026-08-04 22:08:35,215 - INFO - Loaded yellow_tripdata_2022-12.parquet (3399549 rows)
2026-08-04 22:08:37,549 - INFO - Engineered features for yellow_tripdata_2022-12.parquet (45 columns)
2026-08-04 22:08:43,591 - INFO - Saved engineered data to /mnt/external/NYC_TLC/data/engineered/yellow_tripdata_2022-12.parquet (209.03 MB)
2026-08-04 22:08:44,710 - INFO - Loaded yellow_tripdata_2023-01.parquet (3066766 rows)
